Design Assistant report for Project2
Sun Dec 03 20:18:01 2017
Quartus II 32-bit Version 13.0.1 Build 232 06/12/2013 Service Pack 1 SJ Web Edition


---------------------
; Table of Contents ;
---------------------
  1. Legal Notice
  2. Design Assistant Summary
  3. Design Assistant Settings
  4. Medium Violations
  5. Information only Violations
  6. Design Assistant Messages



----------------
; Legal Notice ;
----------------
Copyright (C) 1991-2013 Altera Corporation
Your use of Altera Corporation's design tools, logic functions 
and other software and tools, and its AMPP partner logic 
functions, and any output files from any of the foregoing 
(including device programming or simulation files), and any 
associated documentation or information are expressly subject 
to the terms and conditions of the Altera Program License 
Subscription Agreement, Altera MegaCore Function License 
Agreement, or other applicable license agreement, including, 
without limitation, that your use is for the sole purpose of 
programming logic devices manufactured by Altera and sold by 
Altera or its authorized distributors.  Please refer to the 
applicable agreement for further details.



+-------------------------------------------------------------------------+
; Design Assistant Summary                                                ;
+-----------------------------------+-------------------------------------+
; Design Assistant Status           ; Analyzed - Sun Dec 03 20:18:01 2017 ;
; Revision Name                     ; Project2                            ;
; Top-level Entity Name             ; Project3                            ;
; Family                            ; Cyclone V                           ;
; Total Critical Violations         ; 0                                   ;
; Total High Violations             ; 0                                   ;
; Total Medium Violations           ; 1                                   ;
; - Rule C106                       ; 1                                   ;
; Total Information only Violations ; 92                                  ;
; - Rule T101                       ; 42                                  ;
; - Rule T102                       ; 50                                  ;
+-----------------------------------+-------------------------------------+


+----------------------------------------------------------------------------------------------------------------------------------------------------------------------------------------------------------------------------------------------------------------------------------------------------------+
; Design Assistant Settings                                                                                                                                                                                                                                                                                ;
+--------------------------------------------------------------------------------------------------------------------------------------------------------------------------------------------------------------------------------------------------------------------------------------+--------------+----+
; Option                                                                                                                                                                                                                                                                               ; Setting      ; To ;
+--------------------------------------------------------------------------------------------------------------------------------------------------------------------------------------------------------------------------------------------------------------------------------------+--------------+----+
; Design Assistant mode                                                                                                                                                                                                                                                                ; Post-Fitting ;    ;
; Threshold value for clock net not mapped to clock spines rule                                                                                                                                                                                                                        ; 25           ;    ;
; Minimum number of clock port feed by gated clocks                                                                                                                                                                                                                                    ; 30           ;    ;
; Minimum number of node fan-out                                                                                                                                                                                                                                                       ; 30           ;    ;
; Maximum number of nodes to report                                                                                                                                                                                                                                                    ; 50           ;    ;
; Rule C101: Gated clock should be implemented according to the Altera standard scheme                                                                                                                                                                                                 ; On           ;    ;
; Rule C102: Logic cell should not be used to generate an inverted clock signal                                                                                                                                                                                                        ; On           ;    ;
; Rule C103: Gated clock does not feed at least a pre-defined number of clock ports to effectively save power                                                                                                                                                                          ; On           ;    ;
; Rule C104: Clock signal source should drive only clock input ports                                                                                                                                                                                                                   ; On           ;    ;
; Rule C105: Clock signal should be a global signal (Rule applies during post-fitting analysis. This rule applies during both post-fitting analysis and post-synthesis analysis if the design targets a MAX 3000 or MAX 7000 device. For more information, see the Help for the rule.) ; On           ;    ;
; Rule C106: Clock signal source should not drive registers triggered by different clock edges                                                                                                                                                                                         ; On           ;    ;
; Rule R101: Combinational logic used as a reset signal should be synchronized                                                                                                                                                                                                         ; On           ;    ;
; Rule R102: External reset signals should be synchronized using two cascaded registers                                                                                                                                                                                                ; On           ;    ;
; Rule R103: External reset signal should be correctly synchronized                                                                                                                                                                                                                    ; On           ;    ;
; Rule R104: The reset signal that is generated in one clock domain and used in another clock domain should be correctly synchronized                                                                                                                                                  ; On           ;    ;
; Rule R105: The reset signal that is generated in one clock domain and used in another clock domain should be synchronized                                                                                                                                                            ; On           ;    ;
; Rule T101: Nodes with more than the specified number of fan-outs                                                                                                                                                                                                                     ; On           ;    ;
; Rule T102: Top nodes with the highest number of fan-outs                                                                                                                                                                                                                             ; On           ;    ;
; Rule A101: Design should not contain combinational loops                                                                                                                                                                                                                             ; On           ;    ;
; Rule A102: Register output should not drive its own control signal directly or through combinational logic                                                                                                                                                                           ; On           ;    ;
; Rule A103: Design should not contain delay chains                                                                                                                                                                                                                                    ; On           ;    ;
; Rule A104: Design should not contain ripple clock structures                                                                                                                                                                                                                         ; On           ;    ;
; Rule A105: Pulses should not be implemented asynchronously                                                                                                                                                                                                                           ; On           ;    ;
; Rule A106: Multiple pulses should not be generated in design                                                                                                                                                                                                                         ; On           ;    ;
; Rule A107: Design should not contain SR latches                                                                                                                                                                                                                                      ; On           ;    ;
; Rule A108: Design should not contain latches                                                                                                                                                                                                                                         ; On           ;    ;
; Rule S101: Output enable and input of the same tri-state node should not be driven by same signal source                                                                                                                                                                             ; On           ;    ;
; Rule S102: Synchronous port and asynchronous port of the same register should not be driven by the same signal source                                                                                                                                                                ; On           ;    ;
; Rule S103: More than one asynchronous port of a register should not be driven by the same signal source                                                                                                                                                                              ; On           ;    ;
; Rule S104: Clock port and any other port of a register should not be driven by the same signal source                                                                                                                                                                                ; On           ;    ;
; Rule D101: Data bits are not synchronized when transferred between asynchronous clock domains                                                                                                                                                                                        ; On           ;    ;
; Rule D102: Multiple data bits that are transferred across asynchronous clock domains are synchronized, but not all bits may be aligned in the receiving clock domain                                                                                                                 ; On           ;    ;
; Rule D103: Data bits are not correctly synchronized when transferred between asynchronous clock domains                                                                                                                                                                              ; On           ;    ;
; Rule M101: Data bits are not synchronized when transferred to the state machine of asynchronous clock domains                                                                                                                                                                        ; Off          ;    ;
; Rule M102: No reset signal defined to initialize the state machine                                                                                                                                                                                                                   ; Off          ;    ;
; Rule M103: State machine should not contain an unreachable state                                                                                                                                                                                                                     ; Off          ;    ;
; Rule M104: State machine should not contain a deadlock state                                                                                                                                                                                                                         ; Off          ;    ;
; Rule M105: State machine should not contain a dead transition                                                                                                                                                                                                                        ; Off          ;    ;
+--------------------------------------------------------------------------------------------------------------------------------------------------------------------------------------------------------------------------------------------------------------------------------------+--------------+----+


+--------------------------------------------------------------------------------------------------------------------------------------------------------------------------------------------------------------------------------------+
; Medium Violations                                                                                                                                                                                                                    ;
+----------------------------------------------------------------------------------------------+---------------------------------------------------------------------------------------------------------------------------------------+
; Rule name                                                                                    ; Name                                                                                                                                  ;
+----------------------------------------------------------------------------------------------+---------------------------------------------------------------------------------------------------------------------------------------+
; Rule C106: Clock signal source should not drive registers triggered by different clock edges ; PLL:PLL_inst|PLL_0002:pll_inst|altera_pll:altera_pll_i|general[0].gpll~FRACTIONAL_PLL_O_VCOPH0                                        ;
;  Positive edge destination node(s) list                                                      ; Register:wbStageIoOutReg|dataOut[0]                                                                                                   ;
;  Positive edge destination node(s) list                                                      ; FetchStage:fetchStage|PcApparatus:pcApparatus|Register:pc|dataOut[0]                                                                  ;
;  Positive edge destination node(s) list                                                      ; Register:mStageIoInReg|dataOut[0]                                                                                                     ;
;  Positive edge destination node(s) list                                                      ; Register:mStageAddrReg|dataOut[4]                                                                                                     ;
;  Positive edge destination node(s) list                                                      ; FetchStage:fetchStage|PcApparatus:pcApparatus|Register:pc|dataOut[14]                                                                 ;
;  Positive edge destination node(s) list                                                      ; Register:mStageIoInReg|dataOut[14]                                                                                                    ;
;  Positive edge destination node(s) list                                                      ; Register:wbStageIoOutReg|dataOut[14]                                                                                                  ;
;  Positive edge destination node(s) list                                                      ; Register:mStageAddrReg|dataOut[14]                                                                                                    ;
;  Positive edge destination node(s) list                                                      ; Register:mStageAddrReg|dataOut[30]                                                                                                    ;
;  Positive edge destination node(s) list                                                      ; FetchStage:fetchStage|PcApparatus:pcApparatus|Register:pc|dataOut[15]                                                                 ;
;  Negative edge destination node(s) list                                                      ; MemStage:memStage|UiController:uiController|ledValue[0]                                                                               ;
;  Negative edge destination node(s) list                                                      ; MemStage:memStage|DMemController:dMemController|altsyncram:data_rtl_0|altsyncram_acn1:auto_generated|ram_block1a4~portb_address_reg2  ;
;  Negative edge destination node(s) list                                                      ; MemStage:memStage|DMemController:dMemController|altsyncram:data_rtl_0|altsyncram_acn1:auto_generated|ram_block1a4~porta_address_reg2  ;
;  Negative edge destination node(s) list                                                      ; MemStage:memStage|DMemController:dMemController|altsyncram:data_rtl_0|altsyncram_acn1:auto_generated|ram_block1a2~portb_address_reg2  ;
;  Negative edge destination node(s) list                                                      ; MemStage:memStage|DMemController:dMemController|altsyncram:data_rtl_0|altsyncram_acn1:auto_generated|ram_block1a2~porta_address_reg2  ;
;  Negative edge destination node(s) list                                                      ; MemStage:memStage|DMemController:dMemController|altsyncram:data_rtl_0|altsyncram_acn1:auto_generated|ram_block1a6~portb_address_reg2  ;
;  Negative edge destination node(s) list                                                      ; MemStage:memStage|DMemController:dMemController|altsyncram:data_rtl_0|altsyncram_acn1:auto_generated|ram_block1a6~porta_address_reg2  ;
;  Negative edge destination node(s) list                                                      ; MemStage:memStage|DMemController:dMemController|altsyncram:data_rtl_0|altsyncram_acn1:auto_generated|ram_block1a10~portb_address_reg2 ;
;  Negative edge destination node(s) list                                                      ; MemStage:memStage|DMemController:dMemController|altsyncram:data_rtl_0|altsyncram_acn1:auto_generated|ram_block1a10~porta_address_reg2 ;
;  Negative edge destination node(s) list                                                      ; MemStage:memStage|DMemController:dMemController|altsyncram:data_rtl_0|altsyncram_acn1:auto_generated|ram_block1a0~portb_address_reg2  ;
+----------------------------------------------------------------------------------------------+---------------------------------------------------------------------------------------------------------------------------------------+


+------------------------------------------------------------------------------------------------------------------------------------------------------------+
; Information only Violations                                                                                                                                ;
+------------------------------------------------------------------+-------------------------------------------------------------------------------+---------+
; Rule name                                                        ; Name                                                                          ; Fan-Out ;
+------------------------------------------------------------------+-------------------------------------------------------------------------------+---------+
; Rule T101: Nodes with more than the specified number of fan-outs ; PLL:PLL_inst|PLL_0002:pll_inst|altera_pll:altera_pll_i|outclk_wire[0]~CLKENA0 ; 903     ;
; Rule T101: Nodes with more than the specified number of fan-outs ; Register:mStageAddrReg|dataOut[4]                                             ; 51      ;
; Rule T101: Nodes with more than the specified number of fan-outs ; ExecStage:execStage|ForwardMux:rs1FwdMux|comb~2                               ; 48      ;
; Rule T101: Nodes with more than the specified number of fan-outs ; DecodeStage:decodeStage|regno1[1]~1                                           ; 33      ;
; Rule T101: Nodes with more than the specified number of fan-outs ; FetchStage:fetchStage|PcApparatus:pcApparatus|Register:pc|dataOut[27]~4       ; 40      ;
; Rule T101: Nodes with more than the specified number of fan-outs ; ExecStage:execStage|Alu:alu|out[0]~17                                         ; 31      ;
; Rule T101: Nodes with more than the specified number of fan-outs ; MemStage:memStage|IoController:ioController|Equal0~5                          ; 81      ;
; Rule T101: Nodes with more than the specified number of fan-outs ; MemStage:memStage|UiController:uiController|hexValue[4]~0                     ; 45      ;
; Rule T101: Nodes with more than the specified number of fan-outs ; FetchStage:fetchStage|Equal6~1                                                ; 31      ;
; Rule T101: Nodes with more than the specified number of fan-outs ; DecodeStage:decodeStage|regno1[0]~0                                           ; 66      ;
; Rule T101: Nodes with more than the specified number of fan-outs ; Regfile:regfile|data[3][21]~2                                                 ; 34      ;
; Rule T101: Nodes with more than the specified number of fan-outs ; Register:mStageRegfileWrtEnReg|dataOut[0]                                     ; 97      ;
; Rule T101: Nodes with more than the specified number of fan-outs ; Register:dStageInstrReg|dataOut[7]                                            ; 67      ;
; Rule T101: Nodes with more than the specified number of fan-outs ; Register:mStageRegfileInSelReg|dataOut[1]                                     ; 75      ;
; Rule T101: Nodes with more than the specified number of fan-outs ; Register:mStageRegfileInSelReg|dataOut[0]                                     ; 53      ;
; Rule T101: Nodes with more than the specified number of fan-outs ; ExecStage:execStage|ForwardMux:rs1FwdMux|Equal0~0                             ; 95      ;
; Rule T101: Nodes with more than the specified number of fan-outs ; Regfile:regfile|data[10][29]~1                                                ; 34      ;
; Rule T101: Nodes with more than the specified number of fan-outs ; Regfile:regfile|data[0][3]~7                                                  ; 35      ;
; Rule T101: Nodes with more than the specified number of fan-outs ; Regfile:regfile|data[9][6]~5                                                  ; 35      ;
; Rule T101: Nodes with more than the specified number of fan-outs ; Regfile:regfile|data[8][18]~6                                                 ; 32      ;
; Rule T101: Nodes with more than the specified number of fan-outs ; Regfile:regfile|data[11][27]~3                                                ; 35      ;
; Rule T101: Nodes with more than the specified number of fan-outs ; Regfile:regfile|data[2][4]~0                                                  ; 33      ;
; Rule T101: Nodes with more than the specified number of fan-outs ; Register:eStageRegfileOut1Reg|dataOut[31]~1                                   ; 32      ;
; Rule T101: Nodes with more than the specified number of fan-outs ; Regfile:regfile|data[1][11]~4                                                 ; 41      ;
; Rule T101: Nodes with more than the specified number of fan-outs ; Register:eStageAluIn2SelReg|dataOut[0]                                        ; 54      ;
; Rule T101: Nodes with more than the specified number of fan-outs ; Register:wbStageRegfileInSelReg|dataOut[0]                                    ; 33      ;
; Rule T101: Nodes with more than the specified number of fan-outs ; Register:wbStageRegfileInSelReg|dataOut[1]                                    ; 33      ;
; Rule T101: Nodes with more than the specified number of fan-outs ; ExecStage:execStage|ForwardMux:rs2FwdMux|comb~1                               ; 57      ;
; Rule T101: Nodes with more than the specified number of fan-outs ; DecodeStage:decodeStage|regno2[0]~2                                           ; 66      ;
; Rule T101: Nodes with more than the specified number of fan-outs ; DecodeStage:decodeStage|regno2[1]~1                                           ; 66      ;
; Rule T101: Nodes with more than the specified number of fan-outs ; DecodeStage:decodeStage|regno2[3]~0                                           ; 33      ;
; Rule T101: Nodes with more than the specified number of fan-outs ; ExecStage:execStage|ForwardMux:rs2FwdMux|comb~3                               ; 35      ;
; Rule T101: Nodes with more than the specified number of fan-outs ; Register:eStageRegfileOut2Reg|dataOut[1]~1                                    ; 32      ;
; Rule T101: Nodes with more than the specified number of fan-outs ; Register:eStageRegfileOut2Reg|dataOut[1]~4                                    ; 32      ;
; Rule T101: Nodes with more than the specified number of fan-outs ; Register:mStageAddrReg|dataOut[2]~DUPLICATE                                   ; 46      ;
; Rule T101: Nodes with more than the specified number of fan-outs ; ExecStage:execStage|ForwardMux:rs1FwdMux|comb~0                               ; 37      ;
; Rule T101: Nodes with more than the specified number of fan-outs ; FetchStage:fetchStage|comb~0                                                  ; 32      ;
; Rule T101: Nodes with more than the specified number of fan-outs ; ExecStage:execStage|Alu:alu|Equal2~0                                          ; 35      ;
; Rule T101: Nodes with more than the specified number of fan-outs ; Register:eStageAluFuncReg|dataOut[0]                                          ; 49      ;
; Rule T101: Nodes with more than the specified number of fan-outs ; ExecStage:execStage|Alu:alu|Equal0~0                                          ; 34      ;
; Rule T101: Nodes with more than the specified number of fan-outs ; Register:eStageImmReg|dataOut[15]                                             ; 61      ;
; Rule T101: Nodes with more than the specified number of fan-outs ; RegfileInMux:regfileInMux|out[2]~9                                            ; 32      ;
; Rule T102: Top nodes with the highest number of fan-outs         ; PLL:PLL_inst|PLL_0002:pll_inst|altera_pll:altera_pll_i|outclk_wire[0]~CLKENA0 ; 903     ;
; Rule T102: Top nodes with the highest number of fan-outs         ; Register:mStageRegfileWrtEnReg|dataOut[0]                                     ; 97      ;
; Rule T102: Top nodes with the highest number of fan-outs         ; ExecStage:execStage|ForwardMux:rs1FwdMux|Equal0~0                             ; 95      ;
; Rule T102: Top nodes with the highest number of fan-outs         ; MemStage:memStage|IoController:ioController|Equal0~5                          ; 81      ;
; Rule T102: Top nodes with the highest number of fan-outs         ; Register:mStageRegfileInSelReg|dataOut[1]                                     ; 75      ;
; Rule T102: Top nodes with the highest number of fan-outs         ; Register:dStageInstrReg|dataOut[7]                                            ; 67      ;
; Rule T102: Top nodes with the highest number of fan-outs         ; DecodeStage:decodeStage|regno1[0]~0                                           ; 66      ;
; Rule T102: Top nodes with the highest number of fan-outs         ; DecodeStage:decodeStage|regno2[1]~1                                           ; 66      ;
; Rule T102: Top nodes with the highest number of fan-outs         ; DecodeStage:decodeStage|regno2[0]~2                                           ; 66      ;
; Rule T102: Top nodes with the highest number of fan-outs         ; Register:eStageImmReg|dataOut[15]                                             ; 61      ;
; Rule T102: Top nodes with the highest number of fan-outs         ; ExecStage:execStage|ForwardMux:rs2FwdMux|comb~1                               ; 57      ;
; Rule T102: Top nodes with the highest number of fan-outs         ; Register:eStageAluIn2SelReg|dataOut[0]                                        ; 54      ;
; Rule T102: Top nodes with the highest number of fan-outs         ; Register:mStageRegfileInSelReg|dataOut[0]                                     ; 53      ;
; Rule T102: Top nodes with the highest number of fan-outs         ; Register:mStageAddrReg|dataOut[4]                                             ; 51      ;
; Rule T102: Top nodes with the highest number of fan-outs         ; Register:eStageAluFuncReg|dataOut[0]                                          ; 49      ;
; Rule T102: Top nodes with the highest number of fan-outs         ; ExecStage:execStage|ForwardMux:rs1FwdMux|comb~2                               ; 48      ;
; Rule T102: Top nodes with the highest number of fan-outs         ; Register:mStageAddrReg|dataOut[2]~DUPLICATE                                   ; 46      ;
; Rule T102: Top nodes with the highest number of fan-outs         ; MemStage:memStage|UiController:uiController|hexValue[4]~0                     ; 45      ;
; Rule T102: Top nodes with the highest number of fan-outs         ; Regfile:regfile|data[1][11]~4                                                 ; 41      ;
; Rule T102: Top nodes with the highest number of fan-outs         ; FetchStage:fetchStage|PcApparatus:pcApparatus|Register:pc|dataOut[27]~4       ; 40      ;
; Rule T102: Top nodes with the highest number of fan-outs         ; ExecStage:execStage|ForwardMux:rs1FwdMux|comb~0                               ; 37      ;
; Rule T102: Top nodes with the highest number of fan-outs         ; Regfile:regfile|data[0][3]~7                                                  ; 35      ;
; Rule T102: Top nodes with the highest number of fan-outs         ; Regfile:regfile|data[9][6]~5                                                  ; 35      ;
; Rule T102: Top nodes with the highest number of fan-outs         ; ExecStage:execStage|Alu:alu|Equal2~0                                          ; 35      ;
; Rule T102: Top nodes with the highest number of fan-outs         ; Regfile:regfile|data[11][27]~3                                                ; 35      ;
; Rule T102: Top nodes with the highest number of fan-outs         ; ExecStage:execStage|ForwardMux:rs2FwdMux|comb~3                               ; 35      ;
; Rule T102: Top nodes with the highest number of fan-outs         ; ExecStage:execStage|Alu:alu|Equal0~0                                          ; 34      ;
; Rule T102: Top nodes with the highest number of fan-outs         ; Regfile:regfile|data[3][21]~2                                                 ; 34      ;
; Rule T102: Top nodes with the highest number of fan-outs         ; Regfile:regfile|data[10][29]~1                                                ; 34      ;
; Rule T102: Top nodes with the highest number of fan-outs         ; Register:wbStageRegfileInSelReg|dataOut[1]                                    ; 33      ;
; Rule T102: Top nodes with the highest number of fan-outs         ; Regfile:regfile|data[2][4]~0                                                  ; 33      ;
; Rule T102: Top nodes with the highest number of fan-outs         ; DecodeStage:decodeStage|regno1[1]~1                                           ; 33      ;
; Rule T102: Top nodes with the highest number of fan-outs         ; DecodeStage:decodeStage|regno2[3]~0                                           ; 33      ;
; Rule T102: Top nodes with the highest number of fan-outs         ; Register:wbStageRegfileInSelReg|dataOut[0]                                    ; 33      ;
; Rule T102: Top nodes with the highest number of fan-outs         ; Register:eStageRegfileOut2Reg|dataOut[1]~1                                    ; 32      ;
; Rule T102: Top nodes with the highest number of fan-outs         ; FetchStage:fetchStage|comb~0                                                  ; 32      ;
; Rule T102: Top nodes with the highest number of fan-outs         ; Regfile:regfile|data[8][18]~6                                                 ; 32      ;
; Rule T102: Top nodes with the highest number of fan-outs         ; Register:eStageRegfileOut2Reg|dataOut[1]~4                                    ; 32      ;
; Rule T102: Top nodes with the highest number of fan-outs         ; Register:eStageRegfileOut1Reg|dataOut[31]~1                                   ; 32      ;
; Rule T102: Top nodes with the highest number of fan-outs         ; RegfileInMux:regfileInMux|out[2]~9                                            ; 32      ;
; Rule T102: Top nodes with the highest number of fan-outs         ; ExecStage:execStage|Alu:alu|out[0]~17                                         ; 31      ;
; Rule T102: Top nodes with the highest number of fan-outs         ; FetchStage:fetchStage|Equal6~1                                                ; 31      ;
; Rule T102: Top nodes with the highest number of fan-outs         ; Register:eStageImmReg|dataOut[11]~DUPLICATE                                   ; 30      ;
; Rule T102: Top nodes with the highest number of fan-outs         ; FetchStage:fetchStage|PcApparatus:pcApparatus|Register:pc|dataOut[6]          ; 21      ;
; Rule T102: Top nodes with the highest number of fan-outs         ; ExecStage:execStage|Alu:alu|Equal1~0                                          ; 20      ;
; Rule T102: Top nodes with the highest number of fan-outs         ; ExecStage:execStage|Alu:alu|Equal5~0                                          ; 19      ;
; Rule T102: Top nodes with the highest number of fan-outs         ; ExecStage:execStage|Alu:alu|Equal4~0                                          ; 19      ;
; Rule T102: Top nodes with the highest number of fan-outs         ; Register:mStageAddrReg|dataOut[3]                                             ; 18      ;
; Rule T102: Top nodes with the highest number of fan-outs         ; FetchStage:fetchStage|PcApparatus:pcApparatus|Register:pc|dataOut[5]          ; 18      ;
; Rule T102: Top nodes with the highest number of fan-outs         ; ExecStage:execStage|Alu:alu|Equal6~0                                          ; 18      ;
+------------------------------------------------------------------+-------------------------------------------------------------------------------+---------+


+---------------------------+
; Design Assistant Messages ;
+---------------------------+
Info: *******************************************************************
Info: Running Quartus II 32-bit Design Assistant
    Info: Version 13.0.1 Build 232 06/12/2013 Service Pack 1 SJ Web Edition
    Info: Processing started: Sun Dec 03 20:18:00 2017
Info: Command: quartus_drc --read_settings_files=off --write_settings_files=off Project2 -c Project2
Info (332104): Reading SDC File: 'Timing.sdc'
Info (332110): Deriving PLL clocks
    Info (332110): create_generated_clock -source {PLL_inst|pll_inst|altera_pll_i|general[0].gpll~FRACTIONAL_PLL|refclkin} -multiply_by 6 -duty_cycle 50.00 -name {PLL_inst|pll_inst|altera_pll_i|general[0].gpll~FRACTIONAL_PLL|vcoph[0]} {PLL_inst|pll_inst|altera_pll_i|general[0].gpll~FRACTIONAL_PLL|vcoph[0]}
    Info (332110): create_generated_clock -source {PLL_inst|pll_inst|altera_pll_i|general[0].gpll~FRACTIONAL_PLL|refclkin} -multiply_by 6 -duty_cycle 50.00 -name {PLL_inst|pll_inst|altera_pll_i|general[0].gpll~FRACTIONAL_PLL|vcoph[1]} {PLL_inst|pll_inst|altera_pll_i|general[0].gpll~FRACTIONAL_PLL|vcoph[1]}
    Info (332110): create_generated_clock -source {PLL_inst|pll_inst|altera_pll_i|general[0].gpll~FRACTIONAL_PLL|refclkin} -multiply_by 6 -duty_cycle 50.00 -name {PLL_inst|pll_inst|altera_pll_i|general[0].gpll~FRACTIONAL_PLL|vcoph[2]} {PLL_inst|pll_inst|altera_pll_i|general[0].gpll~FRACTIONAL_PLL|vcoph[2]}
    Info (332110): create_generated_clock -source {PLL_inst|pll_inst|altera_pll_i|general[0].gpll~FRACTIONAL_PLL|refclkin} -multiply_by 6 -duty_cycle 50.00 -name {PLL_inst|pll_inst|altera_pll_i|general[0].gpll~FRACTIONAL_PLL|vcoph[3]} {PLL_inst|pll_inst|altera_pll_i|general[0].gpll~FRACTIONAL_PLL|vcoph[3]}
    Info (332110): create_generated_clock -source {PLL_inst|pll_inst|altera_pll_i|general[0].gpll~FRACTIONAL_PLL|refclkin} -multiply_by 6 -duty_cycle 50.00 -name {PLL_inst|pll_inst|altera_pll_i|general[0].gpll~FRACTIONAL_PLL|vcoph[4]} {PLL_inst|pll_inst|altera_pll_i|general[0].gpll~FRACTIONAL_PLL|vcoph[4]}
    Info (332110): create_generated_clock -source {PLL_inst|pll_inst|altera_pll_i|general[0].gpll~FRACTIONAL_PLL|refclkin} -multiply_by 6 -duty_cycle 50.00 -name {PLL_inst|pll_inst|altera_pll_i|general[0].gpll~FRACTIONAL_PLL|vcoph[5]} {PLL_inst|pll_inst|altera_pll_i|general[0].gpll~FRACTIONAL_PLL|vcoph[5]}
    Info (332110): create_generated_clock -source {PLL_inst|pll_inst|altera_pll_i|general[0].gpll~FRACTIONAL_PLL|refclkin} -multiply_by 6 -duty_cycle 50.00 -name {PLL_inst|pll_inst|altera_pll_i|general[0].gpll~FRACTIONAL_PLL|vcoph[6]} {PLL_inst|pll_inst|altera_pll_i|general[0].gpll~FRACTIONAL_PLL|vcoph[6]}
    Info (332110): create_generated_clock -source {PLL_inst|pll_inst|altera_pll_i|general[0].gpll~FRACTIONAL_PLL|refclkin} -multiply_by 6 -duty_cycle 50.00 -name {PLL_inst|pll_inst|altera_pll_i|general[0].gpll~FRACTIONAL_PLL|vcoph[7]} {PLL_inst|pll_inst|altera_pll_i|general[0].gpll~FRACTIONAL_PLL|vcoph[7]}
    Info (332110): create_generated_clock -source {PLL_inst|pll_inst|altera_pll_i|general[0].gpll~PLL_OUTPUT_COUNTER|vco0ph[0]} -divide_by 30 -duty_cycle 50.00 -name {PLL_inst|pll_inst|altera_pll_i|general[0].gpll~PLL_OUTPUT_COUNTER|divclk} {PLL_inst|pll_inst|altera_pll_i|general[0].gpll~PLL_OUTPUT_COUNTER|divclk}
Info (332097): The following timing edges are non-unate.  TimeQuest will assume pos-unate behavior for these edges in the clock network.
    Info (332098): Cell: PLL_inst|pll_inst|altera_pll_i|general[0].gpll~FRACTIONAL_PLL  from: refclkin  to: fbclk
    Info (332098): Cell: PLL_inst|pll_inst|altera_pll_i|general[0].gpll~PLL_OUTPUT_COUNTER  from: vco0ph[0]  to: divclk
    Info (332098): Cell: PLL_inst|pll_inst|altera_pll_i|general[0].gpll~PLL_REFCLK_SELECT  from: clkin[0]  to: clkout
Info (332143): No user constrained clock uncertainty found in the design. Calling "derive_clock_uncertainty"
Info (332123): Deriving Clock Uncertainty. Please refer to report_sdc in TimeQuest to see clock uncertainties.
Warning (332056): PLL cross checking found inconsistent PLL clock settings:
    Warning (332056): Clock: PLL_inst|pll_inst|altera_pll_i|general[0].gpll~FRACTIONAL_PLL|vcoph[0] with master clock period: 100.000 found on PLL node: PLL_inst|pll_inst|altera_pll_i|general[0].gpll~FRACTIONAL_PLL|vcoph[0] does not match the master clock period requirement: 20.000
    Warning (332056): Clock: PLL_inst|pll_inst|altera_pll_i|general[0].gpll~FRACTIONAL_PLL|vcoph[1] with master clock period: 100.000 found on PLL node: PLL_inst|pll_inst|altera_pll_i|general[0].gpll~FRACTIONAL_PLL|vcoph[1] does not match the master clock period requirement: 20.000
    Warning (332056): Clock: PLL_inst|pll_inst|altera_pll_i|general[0].gpll~FRACTIONAL_PLL|vcoph[2] with master clock period: 100.000 found on PLL node: PLL_inst|pll_inst|altera_pll_i|general[0].gpll~FRACTIONAL_PLL|vcoph[2] does not match the master clock period requirement: 20.000
    Warning (332056): Clock: PLL_inst|pll_inst|altera_pll_i|general[0].gpll~FRACTIONAL_PLL|vcoph[3] with master clock period: 100.000 found on PLL node: PLL_inst|pll_inst|altera_pll_i|general[0].gpll~FRACTIONAL_PLL|vcoph[3] does not match the master clock period requirement: 20.000
    Warning (332056): Clock: PLL_inst|pll_inst|altera_pll_i|general[0].gpll~FRACTIONAL_PLL|vcoph[4] with master clock period: 100.000 found on PLL node: PLL_inst|pll_inst|altera_pll_i|general[0].gpll~FRACTIONAL_PLL|vcoph[4] does not match the master clock period requirement: 20.000
    Warning (332056): Clock: PLL_inst|pll_inst|altera_pll_i|general[0].gpll~FRACTIONAL_PLL|vcoph[5] with master clock period: 100.000 found on PLL node: PLL_inst|pll_inst|altera_pll_i|general[0].gpll~FRACTIONAL_PLL|vcoph[5] does not match the master clock period requirement: 20.000
    Warning (332056): Clock: PLL_inst|pll_inst|altera_pll_i|general[0].gpll~FRACTIONAL_PLL|vcoph[6] with master clock period: 100.000 found on PLL node: PLL_inst|pll_inst|altera_pll_i|general[0].gpll~FRACTIONAL_PLL|vcoph[6] does not match the master clock period requirement: 20.000
    Warning (332056): Clock: PLL_inst|pll_inst|altera_pll_i|general[0].gpll~FRACTIONAL_PLL|vcoph[7] with master clock period: 100.000 found on PLL node: PLL_inst|pll_inst|altera_pll_i|general[0].gpll~FRACTIONAL_PLL|vcoph[7] does not match the master clock period requirement: 20.000
Warning (308022): (Medium) Rule C106: Clock signal source should not drive registers triggered by different clock edges. Found 1 node(s) related to this rule.
    Warning (308010): Node  "PLL:PLL_inst|PLL_0002:pll_inst|altera_pll:altera_pll_i|general[0].gpll~FRACTIONAL_PLL_O_VCOPH0"
Info (308046): (Information) Rule T101: Nodes with more than the specified number of fan-outs. (Value defined:30). Found 42 node(s) with highest fan-out.
    Info (308011): Node  "PLL:PLL_inst|PLL_0002:pll_inst|altera_pll:altera_pll_i|outclk_wire[0]~CLKENA0"
    Info (308011): Node  "Register:mStageAddrReg|dataOut[4]"
    Info (308011): Node  "ExecStage:execStage|ForwardMux:rs1FwdMux|comb~2"
    Info (308011): Node  "DecodeStage:decodeStage|regno1[1]~1"
    Info (308011): Node  "FetchStage:fetchStage|PcApparatus:pcApparatus|Register:pc|dataOut[27]~4"
    Info (308011): Node  "ExecStage:execStage|Alu:alu|out[0]~17"
    Info (308011): Node  "MemStage:memStage|IoController:ioController|Equal0~5"
    Info (308011): Node  "MemStage:memStage|UiController:uiController|hexValue[4]~0"
    Info (308011): Node  "FetchStage:fetchStage|Equal6~1"
    Info (308011): Node  "DecodeStage:decodeStage|regno1[0]~0"
    Info (308011): Node  "Regfile:regfile|data[3][21]~2"
    Info (308011): Node  "Register:mStageRegfileWrtEnReg|dataOut[0]"
    Info (308011): Node  "Register:dStageInstrReg|dataOut[7]"
    Info (308011): Node  "Register:mStageRegfileInSelReg|dataOut[1]"
    Info (308011): Node  "Register:mStageRegfileInSelReg|dataOut[0]"
    Info (308011): Node  "ExecStage:execStage|ForwardMux:rs1FwdMux|Equal0~0"
    Info (308011): Node  "Regfile:regfile|data[10][29]~1"
    Info (308011): Node  "Regfile:regfile|data[0][3]~7"
    Info (308011): Node  "Regfile:regfile|data[9][6]~5"
    Info (308011): Node  "Regfile:regfile|data[8][18]~6"
    Info (308011): Node  "Regfile:regfile|data[11][27]~3"
    Info (308011): Node  "Regfile:regfile|data[2][4]~0"
    Info (308011): Node  "Register:eStageRegfileOut1Reg|dataOut[31]~1"
    Info (308011): Node  "Regfile:regfile|data[1][11]~4"
    Info (308011): Node  "Register:eStageAluIn2SelReg|dataOut[0]"
    Info (308011): Node  "Register:wbStageRegfileInSelReg|dataOut[0]"
    Info (308011): Node  "Register:wbStageRegfileInSelReg|dataOut[1]"
    Info (308011): Node  "ExecStage:execStage|ForwardMux:rs2FwdMux|comb~1"
    Info (308011): Node  "DecodeStage:decodeStage|regno2[0]~2"
    Info (308011): Node  "DecodeStage:decodeStage|regno2[1]~1"
    Info (308002): Truncated list of Design Assistant messages to 30 messages. Go to sections under Design Assistant section of Compilation Report for complete lists of Design Assistant messages generated.
Info (308044): (Information) Rule T102: Top nodes with the highest number of fan-outs. (Value defined:50). Found 50 node(s) with highest fan-out.
    Info (308011): Node  "PLL:PLL_inst|PLL_0002:pll_inst|altera_pll:altera_pll_i|outclk_wire[0]~CLKENA0"
    Info (308011): Node  "Register:mStageRegfileWrtEnReg|dataOut[0]"
    Info (308011): Node  "ExecStage:execStage|ForwardMux:rs1FwdMux|Equal0~0"
    Info (308011): Node  "MemStage:memStage|IoController:ioController|Equal0~5"
    Info (308011): Node  "Register:mStageRegfileInSelReg|dataOut[1]"
    Info (308011): Node  "Register:dStageInstrReg|dataOut[7]"
    Info (308011): Node  "DecodeStage:decodeStage|regno1[0]~0"
    Info (308011): Node  "DecodeStage:decodeStage|regno2[1]~1"
    Info (308011): Node  "DecodeStage:decodeStage|regno2[0]~2"
    Info (308011): Node  "Register:eStageImmReg|dataOut[15]"
    Info (308011): Node  "ExecStage:execStage|ForwardMux:rs2FwdMux|comb~1"
    Info (308011): Node  "Register:eStageAluIn2SelReg|dataOut[0]"
    Info (308011): Node  "Register:mStageRegfileInSelReg|dataOut[0]"
    Info (308011): Node  "Register:mStageAddrReg|dataOut[4]"
    Info (308011): Node  "Register:eStageAluFuncReg|dataOut[0]"
    Info (308011): Node  "ExecStage:execStage|ForwardMux:rs1FwdMux|comb~2"
    Info (308011): Node  "Register:mStageAddrReg|dataOut[2]~DUPLICATE"
    Info (308011): Node  "MemStage:memStage|UiController:uiController|hexValue[4]~0"
    Info (308011): Node  "Regfile:regfile|data[1][11]~4"
    Info (308011): Node  "FetchStage:fetchStage|PcApparatus:pcApparatus|Register:pc|dataOut[27]~4"
    Info (308011): Node  "ExecStage:execStage|ForwardMux:rs1FwdMux|comb~0"
    Info (308011): Node  "Regfile:regfile|data[0][3]~7"
    Info (308011): Node  "Regfile:regfile|data[9][6]~5"
    Info (308011): Node  "ExecStage:execStage|Alu:alu|Equal2~0"
    Info (308011): Node  "Regfile:regfile|data[11][27]~3"
    Info (308011): Node  "ExecStage:execStage|ForwardMux:rs2FwdMux|comb~3"
    Info (308011): Node  "ExecStage:execStage|Alu:alu|Equal0~0"
    Info (308011): Node  "Regfile:regfile|data[3][21]~2"
    Info (308011): Node  "Regfile:regfile|data[10][29]~1"
    Info (308011): Node  "Register:wbStageRegfileInSelReg|dataOut[1]"
    Info (308002): Truncated list of Design Assistant messages to 30 messages. Go to sections under Design Assistant section of Compilation Report for complete lists of Design Assistant messages generated.
Info (308007): Design Assistant information: finished post-fitting analysis of current design -- generated 92 information messages and 1 warning messages
Info: Quartus II 32-bit Design Assistant was successful. 0 errors, 11 warnings
    Info: Peak virtual memory: 445 megabytes
    Info: Processing ended: Sun Dec 03 20:18:01 2017
    Info: Elapsed time: 00:00:01
    Info: Total CPU time (on all processors): 00:00:01


