------------------------------------------------------------
TimeQuest Timing Analyzer Summary
------------------------------------------------------------

Type  : Slow 1100mV 85C Model Setup 'Clock10'
Slack : 191.220
TNS   : 0.000

Type  : Slow 1100mV 85C Model Setup 'PLL_inst|pll_inst|altera_pll_i|general[0].gpll~PLL_OUTPUT_COUNTER|divclk'
Slack : 195.710
TNS   : 0.000

Type  : Slow 1100mV 85C Model Hold 'PLL_inst|pll_inst|altera_pll_i|general[0].gpll~PLL_OUTPUT_COUNTER|divclk'
Slack : 0.342
TNS   : 0.000

Type  : Slow 1100mV 85C Model Hold 'Clock10'
Slack : 5.900
TNS   : 0.000

Type  : Slow 1100mV 85C Model Minimum Pulse Width 'PLL_inst|pll_inst|altera_pll_i|general[0].gpll~FRACTIONAL_PLL|vcoph[0]'
Slack : 8.333
TNS   : 0.000

Type  : Slow 1100mV 85C Model Minimum Pulse Width 'Clock10'
Slack : 49.731
TNS   : 0.000

Type  : Slow 1100mV 85C Model Minimum Pulse Width 'PLL_inst|pll_inst|altera_pll_i|general[0].gpll~PLL_OUTPUT_COUNTER|divclk'
Slack : 249.082
TNS   : 0.000

Type  : Slow 1100mV 0C Model Setup 'Clock10'
Slack : 191.512
TNS   : 0.000

Type  : Slow 1100mV 0C Model Setup 'PLL_inst|pll_inst|altera_pll_i|general[0].gpll~PLL_OUTPUT_COUNTER|divclk'
Slack : 192.311
TNS   : 0.000

Type  : Slow 1100mV 0C Model Hold 'PLL_inst|pll_inst|altera_pll_i|general[0].gpll~PLL_OUTPUT_COUNTER|divclk'
Slack : 0.227
TNS   : 0.000

Type  : Slow 1100mV 0C Model Hold 'Clock10'
Slack : 5.638
TNS   : 0.000

Type  : Slow 1100mV 0C Model Minimum Pulse Width 'PLL_inst|pll_inst|altera_pll_i|general[0].gpll~FRACTIONAL_PLL|vcoph[0]'
Slack : 8.333
TNS   : 0.000

Type  : Slow 1100mV 0C Model Minimum Pulse Width 'Clock10'
Slack : 49.741
TNS   : 0.000

Type  : Slow 1100mV 0C Model Minimum Pulse Width 'PLL_inst|pll_inst|altera_pll_i|general[0].gpll~PLL_OUTPUT_COUNTER|divclk'
Slack : 249.051
TNS   : 0.000

Type  : Fast 1100mV 85C Model Setup 'PLL_inst|pll_inst|altera_pll_i|general[0].gpll~PLL_OUTPUT_COUNTER|divclk'
Slack : 195.167
TNS   : 0.000

Type  : Fast 1100mV 85C Model Setup 'Clock10'
Slack : 195.456
TNS   : 0.000

Type  : Fast 1100mV 85C Model Hold 'PLL_inst|pll_inst|altera_pll_i|general[0].gpll~PLL_OUTPUT_COUNTER|divclk'
Slack : 0.378
TNS   : 0.000

Type  : Fast 1100mV 85C Model Hold 'Clock10'
Slack : 3.043
TNS   : 0.000

Type  : Fast 1100mV 85C Model Minimum Pulse Width 'PLL_inst|pll_inst|altera_pll_i|general[0].gpll~FRACTIONAL_PLL|vcoph[0]'
Slack : 8.333
TNS   : 0.000

Type  : Fast 1100mV 85C Model Minimum Pulse Width 'Clock10'
Slack : 49.336
TNS   : 0.000

Type  : Fast 1100mV 85C Model Minimum Pulse Width 'PLL_inst|pll_inst|altera_pll_i|general[0].gpll~PLL_OUTPUT_COUNTER|divclk'
Slack : 249.529
TNS   : 0.000

Type  : Fast 1100mV 0C Model Setup 'Clock10'
Slack : 195.850
TNS   : 0.000

Type  : Fast 1100mV 0C Model Setup 'PLL_inst|pll_inst|altera_pll_i|general[0].gpll~PLL_OUTPUT_COUNTER|divclk'
Slack : 197.097
TNS   : 0.000

Type  : Fast 1100mV 0C Model Hold 'PLL_inst|pll_inst|altera_pll_i|general[0].gpll~PLL_OUTPUT_COUNTER|divclk'
Slack : 0.272
TNS   : 0.000

Type  : Fast 1100mV 0C Model Hold 'Clock10'
Slack : 2.752
TNS   : 0.000

Type  : Fast 1100mV 0C Model Minimum Pulse Width 'PLL_inst|pll_inst|altera_pll_i|general[0].gpll~FRACTIONAL_PLL|vcoph[0]'
Slack : 8.333
TNS   : 0.000

Type  : Fast 1100mV 0C Model Minimum Pulse Width 'Clock10'
Slack : 49.286
TNS   : 0.000

Type  : Fast 1100mV 0C Model Minimum Pulse Width 'PLL_inst|pll_inst|altera_pll_i|general[0].gpll~PLL_OUTPUT_COUNTER|divclk'
Slack : 249.529
TNS   : 0.000

------------------------------------------------------------
