------------------------------------------------------------
TimeQuest Timing Analyzer Summary
------------------------------------------------------------

Type  : Slow 1100mV 85C Model Setup 'Clock10'
Slack : 140.676
TNS   : 0.000

Type  : Slow 1100mV 85C Model Setup 'PLL_inst|pll_inst|altera_pll_i|general[0].gpll~PLL_OUTPUT_COUNTER|divclk'
Slack : 193.961
TNS   : 0.000

Type  : Slow 1100mV 85C Model Hold 'PLL_inst|pll_inst|altera_pll_i|general[0].gpll~PLL_OUTPUT_COUNTER|divclk'
Slack : 0.350
TNS   : 0.000

Type  : Slow 1100mV 85C Model Hold 'Clock10'
Slack : 5.832
TNS   : 0.000

Type  : Slow 1100mV 85C Model Minimum Pulse Width 'PLL_inst|pll_inst|altera_pll_i|general[0].gpll~FRACTIONAL_PLL|vcoph[0]'
Slack : 8.333
TNS   : 0.000

Type  : Slow 1100mV 85C Model Minimum Pulse Width 'Clock10'
Slack : 49.731
TNS   : 0.000

Type  : Slow 1100mV 85C Model Minimum Pulse Width 'PLL_inst|pll_inst|altera_pll_i|general[0].gpll~PLL_OUTPUT_COUNTER|divclk'
Slack : 248.633
TNS   : 0.000

Type  : Slow 1100mV 0C Model Setup 'Clock10'
Slack : 141.177
TNS   : 0.000

Type  : Slow 1100mV 0C Model Setup 'PLL_inst|pll_inst|altera_pll_i|general[0].gpll~PLL_OUTPUT_COUNTER|divclk'
Slack : 191.806
TNS   : 0.000

Type  : Slow 1100mV 0C Model Hold 'PLL_inst|pll_inst|altera_pll_i|general[0].gpll~PLL_OUTPUT_COUNTER|divclk'
Slack : 0.316
TNS   : 0.000

Type  : Slow 1100mV 0C Model Hold 'Clock10'
Slack : 5.656
TNS   : 0.000

Type  : Slow 1100mV 0C Model Minimum Pulse Width 'PLL_inst|pll_inst|altera_pll_i|general[0].gpll~FRACTIONAL_PLL|vcoph[0]'
Slack : 8.333
TNS   : 0.000

Type  : Slow 1100mV 0C Model Minimum Pulse Width 'Clock10'
Slack : 49.741
TNS   : 0.000

Type  : Slow 1100mV 0C Model Minimum Pulse Width 'PLL_inst|pll_inst|altera_pll_i|general[0].gpll~PLL_OUTPUT_COUNTER|divclk'
Slack : 248.577
TNS   : 0.000

Type  : Fast 1100mV 85C Model Setup 'Clock10'
Slack : 145.062
TNS   : 0.000

Type  : Fast 1100mV 85C Model Setup 'PLL_inst|pll_inst|altera_pll_i|general[0].gpll~PLL_OUTPUT_COUNTER|divclk'
Slack : 195.075
TNS   : 0.000

Type  : Fast 1100mV 85C Model Hold 'PLL_inst|pll_inst|altera_pll_i|general[0].gpll~PLL_OUTPUT_COUNTER|divclk'
Slack : 0.180
TNS   : 0.000

Type  : Fast 1100mV 85C Model Hold 'Clock10'
Slack : 2.845
TNS   : 0.000

Type  : Fast 1100mV 85C Model Minimum Pulse Width 'PLL_inst|pll_inst|altera_pll_i|general[0].gpll~FRACTIONAL_PLL|vcoph[0]'
Slack : 8.333
TNS   : 0.000

Type  : Fast 1100mV 85C Model Minimum Pulse Width 'Clock10'
Slack : 49.336
TNS   : 0.000

Type  : Fast 1100mV 85C Model Minimum Pulse Width 'PLL_inst|pll_inst|altera_pll_i|general[0].gpll~PLL_OUTPUT_COUNTER|divclk'
Slack : 248.886
TNS   : 0.000

Type  : Fast 1100mV 0C Model Setup 'Clock10'
Slack : 145.545
TNS   : 0.000

Type  : Fast 1100mV 0C Model Setup 'PLL_inst|pll_inst|altera_pll_i|general[0].gpll~PLL_OUTPUT_COUNTER|divclk'
Slack : 196.026
TNS   : 0.000

Type  : Fast 1100mV 0C Model Hold 'PLL_inst|pll_inst|altera_pll_i|general[0].gpll~PLL_OUTPUT_COUNTER|divclk'
Slack : 0.169
TNS   : 0.000

Type  : Fast 1100mV 0C Model Hold 'Clock10'
Slack : 2.586
TNS   : 0.000

Type  : Fast 1100mV 0C Model Minimum Pulse Width 'PLL_inst|pll_inst|altera_pll_i|general[0].gpll~FRACTIONAL_PLL|vcoph[0]'
Slack : 8.333
TNS   : 0.000

Type  : Fast 1100mV 0C Model Minimum Pulse Width 'Clock10'
Slack : 49.286
TNS   : 0.000

Type  : Fast 1100mV 0C Model Minimum Pulse Width 'PLL_inst|pll_inst|altera_pll_i|general[0].gpll~PLL_OUTPUT_COUNTER|divclk'
Slack : 248.886
TNS   : 0.000

------------------------------------------------------------
