------------------------------------------------------------
TimeQuest Timing Analyzer Summary
------------------------------------------------------------

Type  : Slow 1100mV 85C Model Setup 'Clock10'
Slack : 139.704
TNS   : 0.000

Type  : Slow 1100mV 85C Model Setup 'PLL_inst|pll_inst|altera_pll_i|general[0].gpll~PLL_OUTPUT_COUNTER|divclk'
Slack : 239.342
TNS   : 0.000

Type  : Slow 1100mV 85C Model Hold 'PLL_inst|pll_inst|altera_pll_i|general[0].gpll~PLL_OUTPUT_COUNTER|divclk'
Slack : 0.935
TNS   : 0.000

Type  : Slow 1100mV 85C Model Hold 'Clock10'
Slack : 56.092
TNS   : 0.000

Type  : Slow 1100mV 85C Model Minimum Pulse Width 'PLL_inst|pll_inst|altera_pll_i|general[0].gpll~FRACTIONAL_PLL|vcoph[0]'
Slack : 8.333
TNS   : 0.000

Type  : Slow 1100mV 85C Model Minimum Pulse Width 'Clock10'
Slack : 49.731
TNS   : 0.000

Type  : Slow 1100mV 85C Model Minimum Pulse Width 'PLL_inst|pll_inst|altera_pll_i|general[0].gpll~PLL_OUTPUT_COUNTER|divclk'
Slack : 248.632
TNS   : 0.000

Type  : Slow 1100mV 0C Model Setup 'Clock10'
Slack : 140.268
TNS   : 0.000

Type  : Slow 1100mV 0C Model Setup 'PLL_inst|pll_inst|altera_pll_i|general[0].gpll~PLL_OUTPUT_COUNTER|divclk'
Slack : 239.238
TNS   : 0.000

Type  : Slow 1100mV 0C Model Hold 'PLL_inst|pll_inst|altera_pll_i|general[0].gpll~PLL_OUTPUT_COUNTER|divclk'
Slack : 0.920
TNS   : 0.000

Type  : Slow 1100mV 0C Model Hold 'Clock10'
Slack : 55.756
TNS   : 0.000

Type  : Slow 1100mV 0C Model Minimum Pulse Width 'PLL_inst|pll_inst|altera_pll_i|general[0].gpll~FRACTIONAL_PLL|vcoph[0]'
Slack : 8.333
TNS   : 0.000

Type  : Slow 1100mV 0C Model Minimum Pulse Width 'Clock10'
Slack : 49.741
TNS   : 0.000

Type  : Slow 1100mV 0C Model Minimum Pulse Width 'PLL_inst|pll_inst|altera_pll_i|general[0].gpll~PLL_OUTPUT_COUNTER|divclk'
Slack : 248.569
TNS   : 0.000

Type  : Fast 1100mV 85C Model Setup 'Clock10'
Slack : 144.497
TNS   : 0.000

Type  : Fast 1100mV 85C Model Setup 'PLL_inst|pll_inst|altera_pll_i|general[0].gpll~PLL_OUTPUT_COUNTER|divclk'
Slack : 244.833
TNS   : 0.000

Type  : Fast 1100mV 85C Model Hold 'PLL_inst|pll_inst|altera_pll_i|general[0].gpll~PLL_OUTPUT_COUNTER|divclk'
Slack : 0.457
TNS   : 0.000

Type  : Fast 1100mV 85C Model Hold 'Clock10'
Slack : 53.149
TNS   : 0.000

Type  : Fast 1100mV 85C Model Minimum Pulse Width 'PLL_inst|pll_inst|altera_pll_i|general[0].gpll~FRACTIONAL_PLL|vcoph[0]'
Slack : 8.333
TNS   : 0.000

Type  : Fast 1100mV 85C Model Minimum Pulse Width 'Clock10'
Slack : 49.336
TNS   : 0.000

Type  : Fast 1100mV 85C Model Minimum Pulse Width 'PLL_inst|pll_inst|altera_pll_i|general[0].gpll~PLL_OUTPUT_COUNTER|divclk'
Slack : 248.886
TNS   : 0.000

Type  : Fast 1100mV 0C Model Setup 'Clock10'
Slack : 145.080
TNS   : 0.000

Type  : Fast 1100mV 0C Model Setup 'PLL_inst|pll_inst|altera_pll_i|general[0].gpll~PLL_OUTPUT_COUNTER|divclk'
Slack : 245.300
TNS   : 0.000

Type  : Fast 1100mV 0C Model Hold 'PLL_inst|pll_inst|altera_pll_i|general[0].gpll~PLL_OUTPUT_COUNTER|divclk'
Slack : 0.419
TNS   : 0.000

Type  : Fast 1100mV 0C Model Hold 'Clock10'
Slack : 52.789
TNS   : 0.000

Type  : Fast 1100mV 0C Model Minimum Pulse Width 'PLL_inst|pll_inst|altera_pll_i|general[0].gpll~FRACTIONAL_PLL|vcoph[0]'
Slack : 8.333
TNS   : 0.000

Type  : Fast 1100mV 0C Model Minimum Pulse Width 'Clock10'
Slack : 49.286
TNS   : 0.000

Type  : Fast 1100mV 0C Model Minimum Pulse Width 'PLL_inst|pll_inst|altera_pll_i|general[0].gpll~PLL_OUTPUT_COUNTER|divclk'
Slack : 248.886
TNS   : 0.000

------------------------------------------------------------
